// Jest Snapshot v1, https://goo.gl/fbAQLP

exports[`should handle onsubmit 1`] = `
<div>
  <h1>
    Create page
  </h1>
  <ExpenseForm
    onSubmit={[Function]}
  />
</div>
`;
