// Jest Snapshot v1, https://goo.gl/fbAQLP

exports[`Should render Dasboard correctly 1`] = `
<div>
  <Connect(ExpenseListFilters) />
  <Connect(ExpenseList) />
</div>
`;
