// Jest Snapshot v1, https://goo.gl/fbAQLP

exports[`Should render edit expense page 1`] = `
<div>
  <ExpenseForm
    onSubmit={[Function]}
  />
  <button
    onClick={[Function]}
  >
     Remove 
  </button>
</div>
`;
