// Jest Snapshot v1, https://goo.gl/fbAQLP

exports[`Should render Expense List Item 1`] = `
<div>
  <Link
    replace={false}
    to="/edit/1"
  >
    gum
  </Link>
  <p>
    $155.00
     
  </p>
  <p>
    1st,January,1970
     
  </p>
  <hr />
</div>
`;
